// Jest Snapshot v1, https://goo.gl/fbAQLP

exports[`renders correctly 1`] = `
<div
  data-component="authorable/general/banner"
  data-testid="banner"
>
  <div
    class="relative"
  >
    <img
      alt="Dummy Image"
      class="onject-cover  text-white"
      height="1080"
      src="https://scfedisc.dev.local/-/media/dummy-banner-image.png?h=1080&iar=0&w=1920&hash=46A21B3638D32FC1565FF965ACF25016"
      width="1920"
    />
    <div
      class="md:m-8 md:p-4 md:absolute inset-0  md:flex md:justify-center flex-col "
    >
      <div
        class="container mx-auto"
      >
        <div
          class="md:flex rounded-md overflow z-10  sm:flex sm:flex-col"
        >
          <div
            class="md:m-2 p-4 font-sans text-2xl flex flex-col md:rounded-lg  bg-black md:bg-orange-600 md:bg-opacity-30  text-white md:text-green-500 justify-center items-start md:p-4 m-2 "
          >
            <h4
              class="mt-2   font-bold font-sans   text-start"
            >
              Connected experiences fine-tuned for your customers
            </h4>
            <div
              class="rte mt-4  font-sans font-bold  text-start"
            >
              <p>
                Join Horizontal at Connections 2023 and discover how we create personalized and connected experiences tailored for every customer.
              </p>
            </div>
            <div
              class="flex mt-4 text-center justify-between"
            >
              <a
                class="p-2 text-center w-[150px] cursor-pointer   rounded-md font-sans decoration-2 font-bold  md:text-xl bg-black text-white md:bg-white md:text-green-500 hover:bg-green-500 hover:text-white hover:no-underline "
                href="https://www.horizontaldigital.com/"
                rel="noopener noreferrer"
                target="_blank"
              >
                Learn more
                <span
                  class="sr-only"
                >
                   (Opens in a new tab)
                </span>
                <span />
              </a>
              <a
                class="p-2 text-center w-[150px]  rounded-md font-sans hover:underline decoration-2 font-semibold text-lg md:text-xl  text-white  md:text-green-500  hover:text-white cursor-pointer "
                href="https://www.horizontaldigital.com/"
                rel="noopener noreferrer"
                target="_blank"
              >
                Read more
                <span
                  class="sr-only"
                >
                   (Opens in a new tab)
                </span>
                <span />
              </a>
            </div>
          </div>
        </div>
      </div>
    </div>
  </div>
</div>
`;
